// Jest Snapshot v1, https://goo.gl/fbAQLP

exports[`renders correctly 1`] = `
<View
  accessibilityHint="Primary"
  accessibilityLabel="Primary"
  accessibilityRole="button"
  accessibilityState={
    {
      "busy": undefined,
      "checked": undefined,
      "disabled": undefined,
      "expanded": undefined,
      "selected": undefined,
    }
  }
  accessibilityValue={
    {
      "max": undefined,
      "min": undefined,
      "now": undefined,
      "text": undefined,
    }
  }
  accessible={true}
  collapsable={false}
  focusable={true}
  onBlur={[Function]}
  onClick={[Function]}
  onFocus={[Function]}
  onResponderGrant={[Function]}
  onResponderMove={[Function]}
  onResponderRelease={[Function]}
  onResponderTerminate={[Function]}
  onResponderTerminationRequest={[Function]}
  onStartShouldSetResponder={[Function]}
  style={
    [
      {
        "alignItems": "center",
        "borderRadius": 50,
        "flexDirection": "row",
        "height": 50,
        "justifyContent": "center",
        "paddingHorizontal": 16,
      },
      {
        "backgroundColor": "#33449b",
      },
      undefined,
    ]
  }
>
  <Text
    style={
      [
        {
          "fontSize": 17,
          "fontWeight": "500",
          "letterSpacing": 0.3,
          "lineHeight": 20,
        },
        {
          "color": "#000",
        },
        [
          {
            "color": "#fff",
          },
        ],
      ]
    }
  >
    Primary
  </Text>
</View>
`;
