// Jest Snapshot v1, https://goo.gl/fbAQLP

exports[`renders correctly 1`] = `
<View
  style={
    [
      {
        "borderRadius": 17,
      },
      {
        "backgroundColor": "red",
      },
      undefined,
    ]
  }
>
  Snapshot test!
</View>
`;
