// Jest Snapshot v1, https://goo.gl/fbAQLP

exports[`renders correctly 1`] = `
<View
  accessibilityState={
    {
      "busy": undefined,
      "checked": undefined,
      "disabled": undefined,
      "expanded": undefined,
      "selected": undefined,
    }
  }
  accessibilityValue={
    {
      "max": undefined,
      "min": undefined,
      "now": undefined,
      "text": undefined,
    }
  }
  accessible={true}
  collapsable={false}
  focusable={true}
  onBlur={[Function]}
  onClick={[Function]}
  onFocus={[Function]}
  onResponderGrant={[Function]}
  onResponderMove={[Function]}
  onResponderRelease={[Function]}
  onResponderTerminate={[Function]}
  onResponderTerminationRequest={[Function]}
  onStartShouldSetResponder={[Function]}
  style={
    [
      {
        "alignItems": "center",
        "flexDirection": "row",
        "height": 50,
        "paddingHorizontal": 16,
      },
      undefined,
    ]
  }
>
  <Text
    style={
      [
        {
          "fontSize": 17,
          "fontWeight": "400",
          "letterSpacing": 0.3,
          "lineHeight": 20,
        },
        {
          "color": "#000",
        },
        {
          "flexGrow": 1,
          "flexShrink": 1,
        },
      ]
    }
  />
  <Text />
</View>
`;
