// Jest Snapshot v1, https://goo.gl/fbAQLP

exports[`renders correctly 1`] = `
<View
  style={
    [
      {
        "backgroundColor": "#fff",
      },
      {
        "alignItems": "center",
        "backgroundColor": "transparent",
      },
    ]
  }
>
  <View
    style={
      [
        {
          "backgroundColor": "#fff",
        },
        {
          "backgroundColor": "transparent",
          "columnGap": 10,
          "flexDirection": "row",
          "paddingVertical": 10,
        },
      ]
    }
  >
    <View
      style={
        [
          {
            "backgroundColor": "#33449b",
          },
          {
            "borderRadius": 5,
            "height": 5,
            "width": 30,
          },
        ]
      }
    />
    <View
      style={
        [
          {
            "backgroundColor": "rgba(1,1,1,0.1)",
          },
          {
            "borderRadius": 5,
            "height": 5,
            "width": 30,
          },
        ]
      }
    />
    <View
      style={
        [
          {
            "backgroundColor": "rgba(1,1,1,0.1)",
          },
          {
            "borderRadius": 5,
            "height": 5,
            "width": 30,
          },
        ]
      }
    />
  </View>
  <Text
    style={
      [
        {
          "fontSize": 17,
          "fontWeight": "400",
          "letterSpacing": 0.3,
          "lineHeight": 20,
        },
        {
          "color": "#535353",
        },
        undefined,
      ]
    }
  >
    Step 
    1
    /
    3
  </Text>
</View>
`;
