// Jest Snapshot v1, https://goo.gl/fbAQLP

exports[`renders correctly 1`] = `
<View
  style={
    [
      {
        "backgroundColor": "red",
      },
      {
        "height": 100,
        "width": 100,
      },
    ]
  }
/>
`;
